---
version: 1
interactions:
- request:
    body: '{"node_pools":[{"count":1,"type":"g6-standard-2"}],"label":"dj7861ur2d2m-linodego-testing","region":"us-central","k8s_version":"1.17","tags":["testing"]}'
    form: {}
    headers:
      Accept:
      - application/json
      Content-Type:
      - application/json
      User-Agent:
      - linodego 0.12.0 https://github.com/linode/linodego
    url: https://api.linode.com/v4beta/lke/clusters
    method: POST
  response:
    body: '{"id": 893, "status": "ready", "created": "2018-01-02T03:04:05", "updated":
      "2018-01-02T03:04:05", "label": "dj7861ur2d2m-linodego-testing", "region": "us-central",
      "k8s_version": "1.17", "tags": []}'
    headers:
      Access-Control-Allow-Credentials:
      - "true"
      Access-Control-Allow-Headers:
      - Authorization, Origin, X-Requested-With, Content-Type, Accept, X-Filter
      Access-Control-Allow-Methods:
      - HEAD, GET, OPTIONS, POST, PUT, DELETE
      Access-Control-Allow-Origin:
      - '*'
      Access-Control-Expose-Headers:
      - X-OAuth-Scopes, X-Accepted-OAuth-Scopes, X-Status
      Cache-Control:
      - private, max-age=60, s-maxage=60
      Connection:
      - keep-alive
      Content-Length:
      - "195"
      Content-Security-Policy:
      - default-src 'none'
      Content-Type:
      - application/json
      Date:
      - Tue, 14 Jan 2020 18:57:29 GMT
      Retry-After:
      - "117"
      Server:
      - nginx
      Strict-Transport-Security:
      - max-age=31536000
      Vary:
      - Authorization, X-Filter
      X-Accepted-Oauth-Scopes:
      - lke:read_write
      X-Content-Type-Options:
      - nosniff
      X-Frame-Options:
      - DENY
      - DENY
      X-Oauth-Scopes:
      - '*'
      X-Ratelimit-Limit:
      - "400"
      X-Ratelimit-Remaining:
      - "399"
      X-Ratelimit-Reset:
      - "1579028367"
      X-Spec-Version:
      - 4.12.0
      X-Xss-Protection:
      - 1; mode=block
    status: 200 OK
    code: 200
    duration: ""
- request:
    body: ""
    form: {}
    headers:
      Accept:
      - application/json
      Content-Type:
      - application/json
      User-Agent:
      - linodego 0.12.0 https://github.com/linode/linodego
    url: https://api.linode.com/v4beta/lke/clusters
    method: GET
  response:
    body: '{"data": [{"id": 102, "status": "ready", "created": "2018-01-02T03:04:05",
      "updated": "2018-01-02T03:04:05", "label": "lke", "region": "us-central", "k8s_version":
      "1.17", "tags": []}, {"id": 893, "status": "ready", "created": "2018-01-02T03:04:05",
      "updated": "2018-01-02T03:04:05", "label": "dj7861ur2d2m-linodego-testing",
      "region": "us-central", "k8s_version": "1.17", "tags": []}], "page": 1, "pages":
      1, "results": 2}'
    headers:
      Access-Control-Allow-Credentials:
      - "true"
      Access-Control-Allow-Headers:
      - Authorization, Origin, X-Requested-With, Content-Type, Accept, X-Filter
      Access-Control-Allow-Methods:
      - HEAD, GET, OPTIONS, POST, PUT, DELETE
      Access-Control-Allow-Origin:
      - '*'
      Access-Control-Expose-Headers:
      - X-OAuth-Scopes, X-Accepted-OAuth-Scopes, X-Status
      Cache-Control:
      - private, max-age=0, s-maxage=0, no-cache, no-store
      - private, max-age=60, s-maxage=60
      Connection:
      - keep-alive
      Content-Length:
      - "415"
      Content-Security-Policy:
      - default-src 'none'
      Content-Type:
      - application/json
      Date:
      - Tue, 14 Jan 2020 18:57:29 GMT
      Retry-After:
      - "119"
      Server:
      - nginx
      Strict-Transport-Security:
      - max-age=31536000
      Vary:
      - Authorization, X-Filter
      - Authorization, X-Filter
      X-Accepted-Oauth-Scopes:
      - lke:read_only
      X-Content-Type-Options:
      - nosniff
      X-Frame-Options:
      - DENY
      - DENY
      X-Oauth-Scopes:
      - '*'
      X-Ratelimit-Limit:
      - "400"
      X-Ratelimit-Remaining:
      - "399"
      X-Ratelimit-Reset:
      - "1579028369"
      X-Spec-Version:
      - 4.12.0
      X-Xss-Protection:
      - 1; mode=block
    status: 200 OK
    code: 200
    duration: ""
- request:
    body: ""
    form: {}
    headers:
      Accept:
      - application/json
      Content-Type:
      - application/json
      User-Agent:
      - linodego 0.12.0 https://github.com/linode/linodego
    url: https://api.linode.com/v4beta/lke/clusters/893
    method: DELETE
  response:
    body: '{}'
    headers:
      Access-Control-Allow-Credentials:
      - "true"
      Access-Control-Allow-Headers:
      - Authorization, Origin, X-Requested-With, Content-Type, Accept, X-Filter
      Access-Control-Allow-Methods:
      - HEAD, GET, OPTIONS, POST, PUT, DELETE
      Access-Control-Allow-Origin:
      - '*'
      Access-Control-Expose-Headers:
      - X-OAuth-Scopes, X-Accepted-OAuth-Scopes, X-Status
      Cache-Control:
      - private, max-age=60, s-maxage=60
      Connection:
      - keep-alive
      Content-Length:
      - "2"
      Content-Security-Policy:
      - default-src 'none'
      Content-Type:
      - application/json
      Date:
      - Tue, 14 Jan 2020 18:57:30 GMT
      Retry-After:
      - "119"
      Server:
      - nginx
      Strict-Transport-Security:
      - max-age=31536000
      Vary:
      - Authorization, X-Filter
      X-Accepted-Oauth-Scopes:
      - lke:read_write
      X-Content-Type-Options:
      - nosniff
      X-Frame-Options:
      - DENY
      - DENY
      X-Oauth-Scopes:
      - '*'
      X-Ratelimit-Limit:
      - "400"
      X-Ratelimit-Remaining:
      - "399"
      X-Ratelimit-Reset:
      - "1579028370"
      X-Spec-Version:
      - 4.12.0
      X-Xss-Protection:
      - 1; mode=block
    status: 200 OK
    code: 200
    duration: ""
